
HOW TO USE GIT

Marias-Mac-mini:excercise4 mariajose.tamayo$ git init
Initialized empty Git repository in /Users/mariajose.tamayo/Documents/codecademy/htmlcss/excercise4/.git/
Marias-Mac-mini:excercise4 mariajose.tamayo$ git status
On branch master

Initial commit

Untracked files:
  (use "git add <file>..." to include in what will be committed)

	index.html
	style.css

nothing added to commit but untracked files present (use "git add" to track)
Marias-Mac-mini:excercise4 mariajose.tamayo$ git add -A
Marias-Mac-mini:excercise4 mariajose.tamayo$ git status
On branch master

Initial commit

Changes to be committed:
  (use "git rm --cached <file>..." to unstage)

	new file:   index.html
	new file:   style.css

Marias-Mac-mini:excercise4 mariajose.tamayo$ git commit -m "first commit"
[master (root-commit) 421b160] first commit
 Committer: Maria Jose Tamayo y Ortiz <mariajose.tamayo@Marias-Mac-mini.local>
Your name and email address were configured automatically based
on your username and hostname. Please check that they are accurate.
You can suppress this message by setting them explicitly. Run the
following command and follow the instructions in your editor to edit
your configuration file:

    git config --global --edit

After doing this, you may fix the identity used for this commit with:

    git commit --amend --reset-author

 2 files changed, 122 insertions(+)
 create mode 100644 index.html
 create mode 100644 style.css
Marias-Mac-mini:excercise4 mariajose.tamayo$ git remote add origin https://github.com/mariajosetamayo/excercise-4-codecademy.git
Marias-Mac-mini:excercise4 mariajose.tamayo$ git remote -v
origin	https://github.com/mariajosetamayo/excercise-4-codecademy.git (fetch)
origin	https://github.com/mariajosetamayo/excercise-4-codecademy.git (push)
Marias-Mac-mini:excercise4 mariajose.tamayo$ git push -u origin master
Username for 'https://github.com': mariajosetamayo
Password for 'https://mariajosetamayo@github.com': 
remote: Invalid username or password.
fatal: Authentication failed for 'https://github.com/mariajosetamayo/excercise-4-codecademy.git/'
Marias-Mac-mini:excercise4 mariajose.tamayo$ git push -u origin master
Username for 'https://github.com': mariajosetamayo
Password for 'https://mariajosetamayo@github.com': 
Counting objects: 4, done.
Delta compression using up to 4 threads.
Compressing objects: 100% (4/4), done.
Writing objects: 100% (4/4), 1.30 KiB | 0 bytes/s, done.
Total 4 (delta 0), reused 0 (delta 0)
To https://github.com/mariajosetamayo/excercise-4-codecademy.git
 * [new branch]      master -> master
Branch master set up to track remote branch master from origin.
Marias-Mac-mini:excercise4 mariajose.tamayo$ 